// Jest Snapshot v1, https://goo.gl/fbAQLP

exports[`FooterLinks: should render links with messages and linking functions 1`] = `
<ul
  className="footerMeta"
>
  <li
    className="footerMetaItem"
  >
    <LinkItem
      className="footerMetaItem"
      title="Privacy Statement"
      url="/pages/terms/privacy-policy"
    />
  </li>
  <li
    className="footerMetaItem"
  >
    <LinkItem
      className="footerMetaItem"
      title="Terms & Conditions"
      url="/pages/terms/terms-conditions"
    />
  </li>
  <li
    className="footerMetaItem"
  >
    <LinkItem
      className="footerMetaItem"
      title="Site Map"
      url="/sitemap"
    />
  </li>
</ul>
`;
