// Jest Snapshot v1, https://goo.gl/fbAQLP

exports[`FooterLinks: should render links with messages and linking functions 1`] = `
<div
  className="list"
>
  <LinkItem
    title="Privacy Statement"
    url="/pages/terms/privacy-policy"
  />
  <LinkItem
    title="Terms & Conditions"
    url="/pages/terms/terms-conditions"
  />
  <LinkItem
    title="Site Map"
    url="/sitemap"
  />
</div>
`;
