// Jest Snapshot v1, https://goo.gl/fbAQLP

exports[`FooterLinks component should render supplied messages 1`] = `
<ul
  className="list"
>
  <ListLinks
    title="JobStreet International"
    url="https://www.jobstreet.com"
  />
  <ListLinks
    title="Site Map"
    url="https://jobstreet.com.my/sitemap.htm"
  />
  <ListLinks
    title="About Us"
    url="https://jobstreet.com.my/en/about-us/"
  />
  <ListLinks
    title="Work With Us"
    url="https://jobstreet.com.my/en/career/JobStreet.htm"
  />
  <ListLinks
    title="Term of Use"
    url="https://jobstreet.com.my/en/about-us/terms-of-use/"
  />
  <ListLinks
    title="Privacy Policy"
    url="https://jobstreet.com.my/en/about-us/privacy-policy/"
  />
  <ListLinks
    title="Safe Job Search Guide"
    url="https://jobstreet.com.my/en/about-us/safe-job-search-guide/"
  />
  <ListLinks
    title="Help"
    url="https://jobstreet.com.my/en/user/"
  />
  <ListLinks
    title="Send Feedback"
    url="https://myjobstreet.jobstreet.co.my/home/feedback.php?site=id&sub=feedback"
  />
</ul>
`;
