// Jest Snapshot v1, https://goo.gl/fbAQLP

exports[`PartnerSites: should render list with messages and linking function 1`] = `
<DropdownList
  chevronAlignment="top"
  className="content"
  compact={true}
  iconPosition="left"
  lowerLevel={false}
  noShadow={true}
  semiStrong={true}
  value="International partners"
  whistling={true}
/>
`;
