// Jest Snapshot v1, https://goo.gl/fbAQLP

exports[`PartnerSites: should render list with messages and linking function 1`] = `
<DropdownList
  className="content"
  compact={true}
  descriptionProps={
    Object {
      "semiStrong": true,
      "whistling": true,
    }
  }
  noShadow={true}
  value="International partners"
/>
`;
