// Jest Snapshot v1, https://goo.gl/fbAQLP

exports[`JobsDB Header renders with default props 1`] = `
<Header
  LogoComponent={[Function]}
  activeTab="ACTIVE_TAB_HOME"
  authenticationStatus="unauthenticated"
  baseUrl="https://hk.jobsdb.com"
  brandStyles={null}
  country="hk"
  employerSite={true}
  homeUrl="/hk"
  language="en"
  linkRenderer={[Function]}
  links={
    Array [
      Object {
        "ItemIcon": [Function],
        "title": "My jobsDB",
        "url": "https://hk.jobsdb.com/hk/en/MyJobsDB",
      },
      Object {
        "ItemIcon": [Function],
        "title": "Resources",
        "url": "https://hk.jobsdb.com/en-hk/career-recruitment-advice/",
      },
      Object {
        "ItemIcon": [Function],
        "title": "Career Insights",
        "url": "https://hk.jobsdb.com/hk/en/career-insights",
      },
    ]
  }
  locales={
    Array [
      Object {
        "ItemIcon": [Function],
        "country": "hk",
        "language": "en",
        "languageDisplay": "English",
        "title": "Hong Kong (English)",
        "url": "https://hk.jobsdb.com/hk",
      },
      Object {
        "ItemIcon": [Function],
        "country": "id",
        "language": "en",
        "languageDisplay": "English",
        "title": "Indonesia (English)",
        "url": "https://id.jobsdb.com/id",
      },
      Object {
        "ItemIcon": [Function],
        "country": "id",
        "language": "id",
        "languageDisplay": "Bahasa",
        "title": "Indonesia (Bahasa)",
        "url": "https://id.jobsdb.com/id/id",
      },
      Object {
        "ItemIcon": [Function],
        "country": "sg",
        "language": "en",
        "languageDisplay": "English",
        "title": "Singapore (English)",
        "url": "https://sg.jobsdb.com/sg",
      },
      Object {
        "ItemIcon": [Function],
        "country": "th",
        "language": "en",
        "languageDisplay": "English",
        "title": "Thailand (English)",
        "url": "https://th.jobsdb.com/th",
      },
      Object {
        "ItemIcon": [Function],
        "country": "th",
        "language": "th",
        "languageDisplay": "ภาษาไทย",
        "title": "ไทย (ภาษาไทย)",
        "url": "https://th.jobsdb.com/th/th",
      },
    ]
  }
  loginAvailable={false}
  messages={
    Object {
      "header.careerInsightsTitle": "Career Insights",
      "header.careerInsightsUrl": "/hk/en/career-insights",
      "header.countryList": Array [
        Object {
          "ItemIcon": [Function],
          "country": "hk",
          "language": "en",
          "languageDisplay": "English",
          "title": "Hong Kong (English)",
          "url": "https://hk.jobsdb.com/hk",
        },
        Object {
          "ItemIcon": [Function],
          "country": "id",
          "language": "en",
          "languageDisplay": "English",
          "title": "Indonesia (English)",
          "url": "https://id.jobsdb.com/id",
        },
        Object {
          "ItemIcon": [Function],
          "country": "id",
          "language": "id",
          "languageDisplay": "Bahasa",
          "title": "Indonesia (Bahasa)",
          "url": "https://id.jobsdb.com/id/id",
        },
        Object {
          "ItemIcon": [Function],
          "country": "sg",
          "language": "en",
          "languageDisplay": "English",
          "title": "Singapore (English)",
          "url": "https://sg.jobsdb.com/sg",
        },
        Object {
          "ItemIcon": [Function],
          "country": "th",
          "language": "en",
          "languageDisplay": "English",
          "title": "Thailand (English)",
          "url": "https://th.jobsdb.com/th",
        },
        Object {
          "ItemIcon": [Function],
          "country": "th",
          "language": "th",
          "languageDisplay": "ภาษาไทย",
          "title": "ไทย (ภาษาไทย)",
          "url": "https://th.jobsdb.com/th/th",
        },
      ],
      "header.employerSiteTitle": "For Employers",
      "header.employerSiteUrl": "/hk/en/home/employerindex",
      "header.homeTitle": "Home",
      "header.homeUrl": "/hk",
      "header.homeUrlText": "JOBSDB",
      "header.invitationTitle": "Job invitations",
      "header.invitationUrl": "/hk/en/Invitations/InvitationList",
      "header.loginTitle": "Log in",
      "header.loginUrl": "/hk/en/login/jobseekerlogin?from=header",
      "header.logoutTitle": "Log out",
      "header.logoutUrl": "/hk/en/login/jobseekerlogoff",
      "header.mobileLoginUrl": "https://m.jobsdb.com/en-hk/login.do?nextPage=jobsForYou.do%3F",
      "header.mobileLogoutUrl": "https://m.jobsdb.com/en-hk/logout.do",
      "header.myJobsDBApplicationHistoryListTitle": "Application History",
      "header.myJobsDBApplicationHistoryListUrl": "/hk/en/MyJobsDB/ApplictationHistoryList",
      "header.myJobsDBJobAlertsListTitle": "Job Alerts",
      "header.myJobsDBJobAlertsListUrl": "/hk/en/MyJobsDB/JobAlertsList",
      "header.myJobsDBResumesAndDocumentsTitle": "Resumes and Documents",
      "header.myJobsDBResumesAndDocumentsUrl": "/hk/en/MyJobsDB/resumes-and-documents",
      "header.myJobsDBSaveJobsTitle": "Save Jobs",
      "header.myJobsDBSaveJobsUrl": "https://m.jobsdb.com/en-hk/saveJobs.do",
      "header.myJobsDBTitle": "My jobsDB",
      "header.myJobsDBUrl": "/hk/en/MyJobsDB",
      "header.myJobsDBUrlLoggedIn": "/hk/en/MyJobsDB",
      "header.profileTitle": "View profile",
      "header.profileUrl": "/hk/en/MyJobsDB/profile",
      "header.resourcesTitle": "Resources",
      "header.resourcesUrl": "/en-hk/career-recruitment-advice/",
      "header.searchUrl": "/HK/EN/Search/FindJobs?KeyOpt=COMPLEX&JSRV=1&RLRSF=1&JobCat=1&JSSRC=HPSS",
      "header.seperatorOr": "or",
      "header.signupTitle": "Sign up",
      "header.signupUrl": "/hk/en/jobseeker/registration",
      "menu.backToMenu": "Back to menu",
      "menu.countryAndLanguage": "Country & Language",
      "menu.jobSeekerHeader": "JOB SEEKER",
      "menu.jobSeekerProfile": "PROFILE",
      "menu.more": "More",
      "menu.moreHeader": "MORE",
      "menu.settingsHeader": "SETTINGS",
    }
  }
  profileItems={
    Array [
      Object {
        "ItemIcon": [Function],
        "title": "Resumes and Documents",
        "url": "https://hk.jobsdb.com/hk/en/MyJobsDB/resumes-and-documents",
      },
      Object {
        "ItemIcon": [Function],
        "title": "Application History",
        "url": "https://hk.jobsdb.com/hk/en/MyJobsDB/ApplictationHistoryList",
      },
      Object {
        "ItemIcon": [Function],
        "title": "Job Alerts",
        "url": "https://hk.jobsdb.com/hk/en/MyJobsDB/JobAlertsList",
      },
      Object {
        "ItemIcon": [Function],
        "title": "Save Jobs",
        "url": "https://m.jobsdb.com/en-hk/saveJobs.do",
      },
    ]
  }
  selectCountry={true}
  userAccMenuItems={
    Array [
      Object {
        "EnableIcon": true,
        "ItemIcon": [Function],
        "title": "View profile",
        "url": "https://hk.jobsdb.com/hk/en/MyJobsDB/profile",
      },
      Object {
        "EnableIcon": true,
        "ItemIcon": [Function],
        "title": "Job invitations",
        "url": "https://hk.jobsdb.com/hk/en/Invitations/InvitationList",
      },
      Object {
        "EnableIcon": false,
        "ItemIcon": [Function],
        "title": "Log out",
        "url": "https://hk.jobsdb.com/hk/en/login/jobseekerlogoff",
      },
    ]
  }
/>
`;
