// Jest Snapshot v1, https://goo.gl/fbAQLP

exports[`JobsDB Header renders with default props 1`] = `
<Header
  LogoComponent={[Function]}
  activeTab="ACTIVE_TAB_HOME"
  authenticationStatus="unauthenticated"
  baseUrl="https://hk.jobsdb.com"
  brandStyles={null}
  country="hk"
  employerSite={true}
  headerMessage={
    Object {
      "appStore": Object {
        "title": "App Store",
        "url": "https://itunes.apple.com/hk/app/jobsdb-job-search/id414607432?utm_campaign=MobileNavigationMenuAppDownload&utm_source=MobileNavigationMenu&utm_medium=banner",
      },
      "applicationHistoryList": Object {
        "title": "Application History",
        "url": "https://hk.jobsdb.com/hk/en/MyJobsDB/ApplictationHistoryList",
      },
      "careerInsights": Object {
        "title": "Career Insights",
        "url": "https://hk.jobsdb.com/hk/en/career-insights",
      },
      "downloadApp": "Download Our App",
      "employer": Object {
        "title": "For Employers",
        "url": "https://hk.jobsdb.com/hk/en/home/employerindex",
      },
      "homeTitle": "Home",
      "homeUrl": "/hk",
      "homeUrlText": "jobsDB.com",
      "invitation": Object {
        "title": "Job invitations",
        "url": "https://hk.jobsdb.com/hk/en/Invitations/InvitationList",
      },
      "jobAlertsList": Object {
        "title": "Job Alerts",
        "url": "https://hk.jobsdb.com/hk/en/MyJobsDB/JobAlertsList",
      },
      "jobsDBTitle": Object {
        "title": "My jobsDB",
        "url": "https://hk.jobsdb.com/hk/en/MyJobsDB",
      },
      "login": Object {
        "title": "Log in",
        "url": "https://hk.jobsdb.com/hk/en/login/jobseekerlogin?from=header",
      },
      "logout": Object {
        "title": "Log out",
        "url": "https://hk.jobsdb.com/hk/en/login/jobseekerlogoff",
      },
      "mobileLoginUrl": "https://m.jobsdb.com/en-hk/login.do?nextPage=jobsForYou.do%3F",
      "mobileLogoutUrl": "https://m.jobsdb.com/en-hk/logout.do",
      "playStore": Object {
        "title": "Google Play Store",
        "url": "https://play.google.com/store/apps/details?id=com.jobsdb&utm_campaign=MobileNavigationMenuAppDownload&utm_source=MobileNavigationMenu&utm_medium=banner",
      },
      "profile": Object {
        "title": "View profile",
        "url": "https://hk.jobsdb.com/hk/en/MyJobsDB/profile",
      },
      "resources": Object {
        "title": "Resources",
        "url": "https://hk.jobsdb.com/en-hk/career-recruitment-advice/",
      },
      "resumesAndDocuments": Object {
        "title": "Resumes and Documents",
        "url": "https://hk.jobsdb.com/hk/en/MyJobsDB/resumes-and-documents",
      },
      "saveJobs": Object {
        "title": "Save Jobs",
        "url": "https://m.jobsdb.com/en-hk/saveJobs.do",
      },
      "searchUrl": "/hk/en/search/getsearchresult",
      "seperatorOr": "or",
      "signUp": Object {
        "title": "Sign up",
        "url": "https://hk.jobsdb.com/hk/en/jobseeker/registration",
      },
    }
  }
  hideNavMenu={false}
  homeUrl="/hk"
  language="en"
  linkRenderer={[Function]}
  links={
    Array [
      Object {
        "ItemIcon": <Icon
          animation=""
          className="menuIcon"
          lineHeight="conversational"
          rotation=""
          size="small"
          smoothRotate={false}
          type="myJobsDB"
        />,
        "automationId": "myjobsDB",
        "title": "My jobsDB",
        "url": "https://hk.jobsdb.com/hk/en/MyJobsDB",
      },
      Object {
        "ItemIcon": <Icon
          animation=""
          className="menuIcon"
          lineHeight="conversational"
          rotation=""
          size="small"
          smoothRotate={false}
          type="resources"
        />,
        "automationId": "resources",
        "title": "Resources",
        "url": "https://hk.jobsdb.com/en-hk/career-recruitment-advice/",
      },
      Object {
        "ItemIcon": <Icon
          animation=""
          className="menuIcon"
          lineHeight="conversational"
          rotation=""
          size="small"
          smoothRotate={false}
          type="careerInsight"
        />,
        "automationId": "career-insights",
        "title": "Career Insights",
        "url": "https://hk.jobsdb.com/hk/en/career-insights",
      },
      Object {
        "ItemIcon": <Icon
          animation=""
          className="menuIcon"
          lineHeight="conversational"
          rotation=""
          size="small"
          smoothRotate={false}
          type="appDownload"
        />,
        "automationId": "download-app",
        "children": Array [
          Object {
            "ItemIcon": <Icon
              animation=""
              className="menuIcon"
              lineHeight="conversational"
              rotation=""
              size="small"
              smoothRotate={false}
              type="android"
            />,
            "title": "Google Play Store",
            "url": "https://play.google.com/store/apps/details?id=com.jobsdb&utm_campaign=MobileNavigationMenuAppDownload&utm_source=MobileNavigationMenu&utm_medium=banner",
          },
          Object {
            "ItemIcon": <Icon
              animation=""
              className="menuIcon"
              lineHeight="conversational"
              rotation=""
              size="small"
              smoothRotate={false}
              type="apple"
            />,
            "title": "App Store",
            "url": "https://itunes.apple.com/hk/app/jobsdb-job-search/id414607432?utm_campaign=MobileNavigationMenuAppDownload&utm_source=MobileNavigationMenu&utm_medium=banner",
          },
        ],
        "hideInDesktop": true,
        "title": "Download Our App",
      },
    ]
  }
  locales={
    Array [
      Object {
        "ItemIcon": [Function],
        "country": "hk",
        "language": "en",
        "languageDisplay": "English",
        "title": "Hong Kong (English)",
        "url": "https://hk.jobsdb.com/hk",
      },
      Object {
        "ItemIcon": [Function],
        "country": "id",
        "language": "en",
        "languageDisplay": "English",
        "title": "Indonesia (English)",
        "url": "https://id.jobsdb.com/id",
      },
      Object {
        "ItemIcon": [Function],
        "country": "id",
        "language": "id",
        "languageDisplay": "Bahasa",
        "title": "Indonesia (Bahasa)",
        "url": "https://id.jobsdb.com/id/id",
      },
      Object {
        "ItemIcon": [Function],
        "country": "sg",
        "language": "en",
        "languageDisplay": "English",
        "title": "Singapore (English)",
        "url": "https://sg.jobsdb.com/sg",
      },
      Object {
        "ItemIcon": [Function],
        "country": "th",
        "language": "en",
        "languageDisplay": "English",
        "title": "Thailand (English)",
        "url": "https://th.jobsdb.com/th",
      },
      Object {
        "ItemIcon": [Function],
        "country": "th",
        "language": "th",
        "languageDisplay": "ภาษาไทย",
        "title": "ไทย (ภาษาไทย)",
        "url": "https://th.jobsdb.com/th/th",
      },
    ]
  }
  loginAvailable={false}
  menuMessage={
    Object {
      "backToMenu": "Back to menu",
      "countryAndLanguage": "Country & Language",
      "countryList": Array [
        Object {
          "ItemIcon": [Function],
          "country": "hk",
          "language": "en",
          "languageDisplay": "English",
          "title": "Hong Kong (English)",
          "url": "https://hk.jobsdb.com/hk",
        },
        Object {
          "ItemIcon": [Function],
          "country": "id",
          "language": "en",
          "languageDisplay": "English",
          "title": "Indonesia (English)",
          "url": "https://id.jobsdb.com/id",
        },
        Object {
          "ItemIcon": [Function],
          "country": "id",
          "language": "id",
          "languageDisplay": "Bahasa",
          "title": "Indonesia (Bahasa)",
          "url": "https://id.jobsdb.com/id/id",
        },
        Object {
          "ItemIcon": [Function],
          "country": "sg",
          "language": "en",
          "languageDisplay": "English",
          "title": "Singapore (English)",
          "url": "https://sg.jobsdb.com/sg",
        },
        Object {
          "ItemIcon": [Function],
          "country": "th",
          "language": "en",
          "languageDisplay": "English",
          "title": "Thailand (English)",
          "url": "https://th.jobsdb.com/th",
        },
        Object {
          "ItemIcon": [Function],
          "country": "th",
          "language": "th",
          "languageDisplay": "ภาษาไทย",
          "title": "ไทย (ภาษาไทย)",
          "url": "https://th.jobsdb.com/th/th",
        },
      ],
      "jobSeekerHeader": "JOB SEEKER",
      "jobSeekerProfile": "PROFILE",
      "more": "More",
      "moreHeader": "MORE",
      "settingsHeader": "SETTINGS",
    }
  }
  onMenuOpen={[Function]}
  profileItems={
    Array [
      Object {
        "ItemIcon": <Icon
          animation=""
          className="menuIcon"
          lineHeight="conversational"
          rotation=""
          size="small"
          smoothRotate={false}
          type="resume"
        />,
        "title": "Resumes and Documents",
        "url": "https://hk.jobsdb.com/hk/en/MyJobsDB/resumes-and-documents",
      },
      Object {
        "ItemIcon": <Icon
          animation=""
          className="menuIcon"
          lineHeight="conversational"
          rotation=""
          size="small"
          smoothRotate={false}
          type="applicationHistory"
        />,
        "title": "Application History",
        "url": "https://hk.jobsdb.com/hk/en/MyJobsDB/ApplictationHistoryList",
      },
      Object {
        "ItemIcon": <Icon
          animation=""
          className="menuIcon"
          lineHeight="conversational"
          rotation=""
          size="small"
          smoothRotate={false}
          type="jobAlert"
        />,
        "title": "Job Alerts",
        "url": "https://hk.jobsdb.com/hk/en/MyJobsDB/JobAlertsList",
      },
      Object {
        "ItemIcon": <Icon
          animation=""
          className="menuIcon"
          lineHeight="conversational"
          rotation=""
          size="small"
          smoothRotate={false}
          type="bookmark"
        />,
        "title": "Save Jobs",
        "url": "https://m.jobsdb.com/en-hk/saveJobs.do",
      },
    ]
  }
  selectCountry={true}
  showCountryLanguage={false}
  userAccMenuItems={
    Array [
      Object {
        "EnableIcon": true,
        "ItemIcon": [Function],
        "title": "View profile",
        "url": "https://hk.jobsdb.com/hk/en/MyJobsDB/profile",
      },
      Object {
        "EnableIcon": true,
        "ItemIcon": [Function],
        "title": "Job invitations",
        "url": "https://hk.jobsdb.com/hk/en/Invitations/InvitationList",
      },
      Object {
        "EnableIcon": false,
        "ItemIcon": [Function],
        "title": "Log out",
        "url": "https://hk.jobsdb.com/hk/en/login/jobseekerlogoff",
      },
    ]
  }
/>
`;
